2025-12-15 12:03:43 [INFO] [deforestation_predictor.training.dataset] Initialized train dataset from /mnt/guanabana/raid/home/kuijp069/DL_Deforestation_Prediction/data/processed_3d/GABON/train
2025-12-15 12:03:43 [INFO] [deforestation_predictor.training.dataset] Found 17600 samples.
2025-12-15 12:03:43 [INFO] [deforestation_predictor.training.dataset] RQ2 Mode: Temporal slicing enabled. Keeping last 6 months.
2025-12-15 12:03:43 [INFO] [deforestation_predictor.training.dataset] Initialized val dataset from /mnt/guanabana/raid/home/kuijp069/DL_Deforestation_Prediction/data/processed_3d/GABON/val
2025-12-15 12:03:43 [INFO] [deforestation_predictor.training.dataset] Found 2400 samples.
2025-12-15 12:03:43 [INFO] [deforestation_predictor.training.dataset] RQ2 Mode: Temporal slicing enabled. Keeping last 6 months.
2025-12-15 12:03:43 [INFO] [__main__] Input Shape: C=38, T=6, H=64, W=64
2025-12-15 12:03:48 [INFO] [__main__] Epoch 1/50 started...
2025-12-15 12:08:36 [INFO] [__main__] Epoch 1: Train AUC=0.4104 | Val AUC=0.6070
2025-12-15 12:08:36 [INFO] [__main__] --> New best model saved (AUC: 0.6070)
2025-12-15 12:08:36 [INFO] [__main__] Epoch 2/50 started...
2025-12-15 12:12:07 [INFO] [__main__] Epoch 2: Train AUC=0.4778 | Val AUC=0.6152
2025-12-15 12:12:07 [INFO] [__main__] --> New best model saved (AUC: 0.6152)
2025-12-15 12:12:07 [INFO] [__main__] Epoch 3/50 started...
2025-12-15 12:15:36 [INFO] [__main__] Epoch 3: Train AUC=0.5034 | Val AUC=0.6183
2025-12-15 12:15:36 [INFO] [__main__] --> New best model saved (AUC: 0.6183)
2025-12-15 12:15:36 [INFO] [__main__] Epoch 4/50 started...
2025-12-15 12:19:06 [INFO] [__main__] Epoch 4: Train AUC=0.5118 | Val AUC=0.6292
2025-12-15 12:19:06 [INFO] [__main__] --> New best model saved (AUC: 0.6292)
2025-12-15 12:19:06 [INFO] [__main__] Epoch 5/50 started...
2025-12-15 12:22:36 [INFO] [__main__] Epoch 5: Train AUC=0.5208 | Val AUC=0.6317
2025-12-15 12:22:36 [INFO] [__main__] --> New best model saved (AUC: 0.6317)
2025-12-15 12:22:36 [INFO] [__main__] Epoch 6/50 started...
2025-12-15 12:26:01 [INFO] [__main__] Epoch 6: Train AUC=0.5262 | Val AUC=0.6327
2025-12-15 12:26:01 [INFO] [__main__] --> New best model saved (AUC: 0.6327)
2025-12-15 12:26:01 [INFO] [__main__] Epoch 7/50 started...
2025-12-15 12:29:24 [INFO] [__main__] Epoch 7: Train AUC=0.5323 | Val AUC=0.6339
2025-12-15 12:29:24 [INFO] [__main__] --> New best model saved (AUC: 0.6339)
2025-12-15 12:29:24 [INFO] [__main__] Epoch 8/50 started...
2025-12-15 12:32:56 [INFO] [__main__] Epoch 8: Train AUC=0.5373 | Val AUC=0.6322
2025-12-15 12:32:56 [INFO] [__main__] Epoch 9/50 started...
2025-12-15 12:36:32 [INFO] [__main__] Epoch 9: Train AUC=0.5388 | Val AUC=0.6303
2025-12-15 12:36:32 [INFO] [__main__] Epoch 10/50 started...
2025-12-15 12:40:09 [INFO] [__main__] Epoch 10: Train AUC=0.5417 | Val AUC=0.6419
2025-12-15 12:40:09 [INFO] [__main__] --> New best model saved (AUC: 0.6419)
2025-12-15 12:40:09 [INFO] [__main__] Epoch 11/50 started...
2025-12-15 12:43:47 [INFO] [__main__] Epoch 11: Train AUC=0.5455 | Val AUC=0.6404
2025-12-15 12:43:47 [INFO] [__main__] Epoch 12/50 started...
2025-12-15 12:47:27 [INFO] [__main__] Epoch 12: Train AUC=0.5474 | Val AUC=0.6454
2025-12-15 12:47:27 [INFO] [__main__] --> New best model saved (AUC: 0.6454)
2025-12-15 12:47:27 [INFO] [__main__] Epoch 13/50 started...
2025-12-15 12:51:09 [INFO] [__main__] Epoch 13: Train AUC=0.5497 | Val AUC=0.6470
2025-12-15 12:51:09 [INFO] [__main__] --> New best model saved (AUC: 0.6470)
2025-12-15 12:51:09 [INFO] [__main__] Epoch 14/50 started...
2025-12-15 12:54:48 [INFO] [__main__] Epoch 14: Train AUC=0.5514 | Val AUC=0.6439
2025-12-15 12:54:48 [INFO] [__main__] Epoch 15/50 started...
2025-12-15 12:58:31 [INFO] [__main__] Epoch 15: Train AUC=0.5538 | Val AUC=0.6474
2025-12-15 12:58:31 [INFO] [__main__] --> New best model saved (AUC: 0.6474)
2025-12-15 12:58:31 [INFO] [__main__] Epoch 16/50 started...
2025-12-15 13:02:20 [INFO] [__main__] Epoch 16: Train AUC=0.5542 | Val AUC=0.6400
2025-12-15 13:02:20 [INFO] [__main__] Epoch 17/50 started...
2025-12-15 13:06:01 [INFO] [__main__] Epoch 17: Train AUC=0.5568 | Val AUC=0.6467
2025-12-15 13:06:01 [INFO] [__main__] Epoch 18/50 started...
2025-12-15 13:09:39 [INFO] [__main__] Epoch 18: Train AUC=0.5577 | Val AUC=0.6274
2025-12-15 13:09:39 [INFO] [__main__] Epoch 19/50 started...
2025-12-15 13:13:16 [INFO] [__main__] Epoch 19: Train AUC=0.5586 | Val AUC=0.6504
2025-12-15 13:13:16 [INFO] [__main__] --> New best model saved (AUC: 0.6504)
2025-12-15 13:13:16 [INFO] [__main__] Epoch 20/50 started...
2025-12-15 13:16:56 [INFO] [__main__] Epoch 20: Train AUC=0.5589 | Val AUC=0.6422
2025-12-15 13:16:56 [INFO] [__main__] Epoch 21/50 started...
2025-12-15 13:20:32 [INFO] [__main__] Epoch 21: Train AUC=0.5610 | Val AUC=0.6497
2025-12-15 13:20:32 [INFO] [__main__] Epoch 22/50 started...
2025-12-15 13:24:03 [INFO] [__main__] Epoch 22: Train AUC=0.5610 | Val AUC=0.6464
2025-12-15 13:24:03 [INFO] [__main__] Epoch 23/50 started...
2025-12-15 13:27:36 [INFO] [__main__] Epoch 23: Train AUC=0.5621 | Val AUC=0.6413
2025-12-15 13:27:36 [INFO] [__main__] Epoch 24/50 started...
2025-12-15 13:31:10 [INFO] [__main__] Epoch 24: Train AUC=0.5639 | Val AUC=0.6507
2025-12-15 13:31:10 [INFO] [__main__] --> New best model saved (AUC: 0.6507)
2025-12-15 13:31:10 [INFO] [__main__] Epoch 25/50 started...
2025-12-15 13:34:42 [INFO] [__main__] Epoch 25: Train AUC=0.5626 | Val AUC=0.6502
2025-12-15 13:34:42 [INFO] [__main__] Epoch 26/50 started...
2025-12-15 13:38:14 [INFO] [__main__] Epoch 26: Train AUC=0.5655 | Val AUC=0.6477
2025-12-15 13:38:14 [INFO] [__main__] Epoch 27/50 started...
2025-12-15 13:41:51 [INFO] [__main__] Epoch 27: Train AUC=0.5654 | Val AUC=0.6544
2025-12-15 13:41:51 [INFO] [__main__] --> New best model saved (AUC: 0.6544)
2025-12-15 13:41:51 [INFO] [__main__] Epoch 28/50 started...
2025-12-15 13:45:32 [INFO] [__main__] Epoch 28: Train AUC=0.5659 | Val AUC=0.6522
2025-12-15 13:45:32 [INFO] [__main__] Epoch 29/50 started...
2025-12-15 13:49:05 [INFO] [__main__] Epoch 29: Train AUC=0.5675 | Val AUC=0.6545
2025-12-15 13:49:05 [INFO] [__main__] --> New best model saved (AUC: 0.6545)
2025-12-15 13:49:05 [INFO] [__main__] Epoch 30/50 started...
2025-12-15 13:52:29 [INFO] [__main__] Epoch 30: Train AUC=0.5679 | Val AUC=0.6537
2025-12-15 13:52:29 [INFO] [__main__] Epoch 31/50 started...
2025-12-15 13:55:57 [INFO] [__main__] Epoch 31: Train AUC=0.5685 | Val AUC=0.6546
2025-12-15 13:55:57 [INFO] [__main__] --> New best model saved (AUC: 0.6546)
2025-12-15 13:55:57 [INFO] [__main__] Epoch 32/50 started...
2025-12-15 13:59:20 [INFO] [__main__] Epoch 32: Train AUC=0.5679 | Val AUC=0.6481
2025-12-15 13:59:20 [INFO] [__main__] Epoch 33/50 started...
2025-12-15 14:02:46 [INFO] [__main__] Epoch 33: Train AUC=0.5697 | Val AUC=0.6493
2025-12-15 14:02:46 [INFO] [__main__] Epoch 34/50 started...
2025-12-15 14:06:17 [INFO] [__main__] Epoch 34: Train AUC=0.5702 | Val AUC=0.6543
2025-12-15 14:06:17 [INFO] [__main__] Epoch 35/50 started...
2025-12-15 14:09:54 [INFO] [__main__] Epoch 35: Train AUC=0.5696 | Val AUC=0.6558
2025-12-15 14:09:54 [INFO] [__main__] --> New best model saved (AUC: 0.6558)
2025-12-15 14:09:54 [INFO] [__main__] Epoch 36/50 started...
2025-12-15 14:13:28 [INFO] [__main__] Epoch 36: Train AUC=0.5706 | Val AUC=0.6526
2025-12-15 14:13:28 [INFO] [__main__] Epoch 37/50 started...
2025-12-15 14:17:03 [INFO] [__main__] Epoch 37: Train AUC=0.5702 | Val AUC=0.6485
2025-12-15 14:17:03 [INFO] [__main__] Epoch 38/50 started...
2025-12-15 14:20:23 [INFO] [__main__] Epoch 38: Train AUC=0.5722 | Val AUC=0.6453
2025-12-15 14:20:23 [INFO] [__main__] Epoch 39/50 started...
2025-12-15 14:23:43 [INFO] [__main__] Epoch 39: Train AUC=0.5724 | Val AUC=0.6619
2025-12-15 14:23:43 [INFO] [__main__] --> New best model saved (AUC: 0.6619)
2025-12-15 14:23:43 [INFO] [__main__] Epoch 40/50 started...
2025-12-15 14:27:13 [INFO] [__main__] Epoch 40: Train AUC=0.5729 | Val AUC=0.6388
2025-12-15 14:27:13 [INFO] [__main__] Epoch 41/50 started...
2025-12-15 14:30:39 [INFO] [__main__] Epoch 41: Train AUC=0.5734 | Val AUC=0.6591
2025-12-15 14:30:39 [INFO] [__main__] Epoch 42/50 started...
2025-12-15 14:34:14 [INFO] [__main__] Epoch 42: Train AUC=0.5739 | Val AUC=0.6549
2025-12-15 14:34:14 [INFO] [__main__] Epoch 43/50 started...
2025-12-15 14:37:51 [INFO] [__main__] Epoch 43: Train AUC=0.5741 | Val AUC=0.6597
2025-12-15 14:37:51 [INFO] [__main__] Epoch 44/50 started...
2025-12-15 14:41:17 [INFO] [__main__] Epoch 44: Train AUC=0.5748 | Val AUC=0.6511
2025-12-15 14:41:17 [INFO] [__main__] Epoch 45/50 started...
2025-12-15 14:44:47 [INFO] [__main__] Epoch 45: Train AUC=0.5740 | Val AUC=0.6584
2025-12-15 14:44:47 [INFO] [__main__] Epoch 46/50 started...
2025-12-15 14:48:23 [INFO] [__main__] Epoch 46: Train AUC=0.5749 | Val AUC=0.6576
2025-12-15 14:48:23 [INFO] [__main__] Epoch 47/50 started...
2025-12-15 14:52:04 [INFO] [__main__] Epoch 47: Train AUC=0.5756 | Val AUC=0.6498
2025-12-15 14:52:04 [INFO] [__main__] Epoch 48/50 started...
2025-12-15 14:55:31 [INFO] [__main__] Epoch 48: Train AUC=0.5772 | Val AUC=0.6609
2025-12-15 14:55:31 [INFO] [__main__] Epoch 49/50 started...
2025-12-15 14:58:59 [INFO] [__main__] Epoch 49: Train AUC=0.5763 | Val AUC=0.6507
2025-12-15 14:58:59 [INFO] [__main__] Epoch 50/50 started...
2025-12-15 15:02:39 [INFO] [__main__] Epoch 50: Train AUC=0.5764 | Val AUC=0.6586
2025-12-15 15:02:39 [INFO] [__main__] Training Complete. Starting Test Evaluation...
2025-12-15 15:02:39 [INFO] [deforestation_predictor.training.dataset] Initialized test dataset from /mnt/guanabana/raid/home/kuijp069/DL_Deforestation_Prediction/data/processed_3d/GABON/test
2025-12-15 15:02:39 [INFO] [deforestation_predictor.training.dataset] Found 800 samples.
2025-12-15 15:02:39 [INFO] [deforestation_predictor.training.dataset] RQ2 Mode: Temporal slicing enabled. Keeping last 6 months.
2025-12-15 15:03:04 [INFO] [__main__] Optimal Threshold found on Val: 0.4789 (Val F0.5: 0.6450)
2025-12-15 15:03:12 [INFO] [__main__] ==============================
2025-12-15 15:03:12 [INFO] [__main__] FINAL TEST RESULTS (at threshold 0.4789)
2025-12-15 15:03:12 [INFO] [__main__] Test Loss: 0.0177
2025-12-15 15:03:12 [INFO] [__main__] Test PR-AUC: 0.5828
2025-12-15 15:03:12 [INFO] [__main__] Test Precision: 0.6262
2025-12-15 15:03:12 [INFO] [__main__] Test Recall: 0.4520
2025-12-15 15:03:12 [INFO] [__main__] Test F0.5 Score: 0.5813
2025-12-15 15:03:12 [INFO] [__main__] ==============================
