2025-12-15 12:03:48 [INFO] [deforestation_predictor.training.dataset] Initialized train dataset from /mnt/guanabana/raid/home/kuijp069/DL_Deforestation_Prediction/data/processed_3d/GABON/train
2025-12-15 12:03:48 [INFO] [deforestation_predictor.training.dataset] Found 17600 samples.
2025-12-15 12:03:48 [INFO] [deforestation_predictor.training.dataset] RQ2 Mode: Temporal slicing enabled. Keeping last 6 months.
2025-12-15 12:03:48 [INFO] [deforestation_predictor.training.dataset] Initialized val dataset from /mnt/guanabana/raid/home/kuijp069/DL_Deforestation_Prediction/data/processed_3d/GABON/val
2025-12-15 12:03:48 [INFO] [deforestation_predictor.training.dataset] Found 2400 samples.
2025-12-15 12:03:48 [INFO] [deforestation_predictor.training.dataset] RQ2 Mode: Temporal slicing enabled. Keeping last 6 months.
2025-12-15 12:03:48 [INFO] [__main__] Input Shape: C=38, T=6, H=64, W=64
2025-12-15 12:03:50 [INFO] [__main__] Epoch 1/50 started...
2025-12-15 12:08:35 [INFO] [__main__] Epoch 1: Train AUC=0.3920 | Val AUC=0.6426
2025-12-15 12:08:35 [INFO] [__main__] --> New best model saved (AUC: 0.6426)
2025-12-15 12:08:35 [INFO] [__main__] Epoch 2/50 started...
2025-12-15 12:12:09 [INFO] [__main__] Epoch 2: Train AUC=0.5083 | Val AUC=0.6424
2025-12-15 12:12:09 [INFO] [__main__] Epoch 3/50 started...
2025-12-15 12:15:36 [INFO] [__main__] Epoch 3: Train AUC=0.5307 | Val AUC=0.6561
2025-12-15 12:15:36 [INFO] [__main__] --> New best model saved (AUC: 0.6561)
2025-12-15 12:15:36 [INFO] [__main__] Epoch 4/50 started...
2025-12-15 12:19:05 [INFO] [__main__] Epoch 4: Train AUC=0.5477 | Val AUC=0.6611
2025-12-15 12:19:05 [INFO] [__main__] --> New best model saved (AUC: 0.6611)
2025-12-15 12:19:05 [INFO] [__main__] Epoch 5/50 started...
2025-12-15 12:22:36 [INFO] [__main__] Epoch 5: Train AUC=0.5588 | Val AUC=0.6550
2025-12-15 12:22:36 [INFO] [__main__] Epoch 6/50 started...
2025-12-15 12:26:05 [INFO] [__main__] Epoch 6: Train AUC=0.5658 | Val AUC=0.6628
2025-12-15 12:26:05 [INFO] [__main__] --> New best model saved (AUC: 0.6628)
2025-12-15 12:26:05 [INFO] [__main__] Epoch 7/50 started...
2025-12-15 12:29:37 [INFO] [__main__] Epoch 7: Train AUC=0.5707 | Val AUC=0.6707
2025-12-15 12:29:37 [INFO] [__main__] --> New best model saved (AUC: 0.6707)
2025-12-15 12:29:37 [INFO] [__main__] Epoch 8/50 started...
2025-12-15 12:33:03 [INFO] [__main__] Epoch 8: Train AUC=0.5744 | Val AUC=0.6685
2025-12-15 12:33:03 [INFO] [__main__] Epoch 9/50 started...
2025-12-15 12:36:49 [INFO] [__main__] Epoch 9: Train AUC=0.5787 | Val AUC=0.6655
2025-12-15 12:36:49 [INFO] [__main__] Epoch 10/50 started...
2025-12-15 12:40:26 [INFO] [__main__] Epoch 10: Train AUC=0.5821 | Val AUC=0.6726
2025-12-15 12:40:26 [INFO] [__main__] --> New best model saved (AUC: 0.6726)
2025-12-15 12:40:26 [INFO] [__main__] Epoch 11/50 started...
2025-12-15 12:44:04 [INFO] [__main__] Epoch 11: Train AUC=0.5848 | Val AUC=0.6660
2025-12-15 12:44:04 [INFO] [__main__] Epoch 12/50 started...
2025-12-15 12:47:51 [INFO] [__main__] Epoch 12: Train AUC=0.5877 | Val AUC=0.6767
2025-12-15 12:47:51 [INFO] [__main__] --> New best model saved (AUC: 0.6767)
2025-12-15 12:47:51 [INFO] [__main__] Epoch 13/50 started...
2025-12-15 12:51:28 [INFO] [__main__] Epoch 13: Train AUC=0.5888 | Val AUC=0.6815
2025-12-15 12:51:28 [INFO] [__main__] --> New best model saved (AUC: 0.6815)
2025-12-15 12:51:28 [INFO] [__main__] Epoch 14/50 started...
2025-12-15 12:55:09 [INFO] [__main__] Epoch 14: Train AUC=0.5916 | Val AUC=0.6714
2025-12-15 12:55:09 [INFO] [__main__] Epoch 15/50 started...
2025-12-15 12:58:55 [INFO] [__main__] Epoch 15: Train AUC=0.5933 | Val AUC=0.6726
2025-12-15 12:58:55 [INFO] [__main__] Epoch 16/50 started...
2025-12-15 13:02:43 [INFO] [__main__] Epoch 16: Train AUC=0.5941 | Val AUC=0.6820
2025-12-15 13:02:43 [INFO] [__main__] --> New best model saved (AUC: 0.6820)
2025-12-15 13:02:43 [INFO] [__main__] Epoch 17/50 started...
2025-12-15 13:06:24 [INFO] [__main__] Epoch 17: Train AUC=0.5969 | Val AUC=0.6846
2025-12-15 13:06:24 [INFO] [__main__] --> New best model saved (AUC: 0.6846)
2025-12-15 13:06:24 [INFO] [__main__] Epoch 18/50 started...
2025-12-15 13:10:09 [INFO] [__main__] Epoch 18: Train AUC=0.5972 | Val AUC=0.6779
2025-12-15 13:10:09 [INFO] [__main__] Epoch 19/50 started...
2025-12-15 13:13:51 [INFO] [__main__] Epoch 19: Train AUC=0.5994 | Val AUC=0.6828
2025-12-15 13:13:51 [INFO] [__main__] Epoch 20/50 started...
2025-12-15 13:17:21 [INFO] [__main__] Epoch 20: Train AUC=0.6005 | Val AUC=0.6878
2025-12-15 13:17:21 [INFO] [__main__] --> New best model saved (AUC: 0.6878)
2025-12-15 13:17:21 [INFO] [__main__] Epoch 21/50 started...
2025-12-15 13:20:55 [INFO] [__main__] Epoch 21: Train AUC=0.6017 | Val AUC=0.6863
2025-12-15 13:20:55 [INFO] [__main__] Epoch 22/50 started...
2025-12-15 13:24:32 [INFO] [__main__] Epoch 22: Train AUC=0.6027 | Val AUC=0.6867
2025-12-15 13:24:32 [INFO] [__main__] Epoch 23/50 started...
2025-12-15 13:27:57 [INFO] [__main__] Epoch 23: Train AUC=0.6028 | Val AUC=0.6873
2025-12-15 13:27:57 [INFO] [__main__] Epoch 24/50 started...
2025-12-15 13:31:30 [INFO] [__main__] Epoch 24: Train AUC=0.6041 | Val AUC=0.6841
2025-12-15 13:31:30 [INFO] [__main__] Epoch 25/50 started...
2025-12-15 13:34:57 [INFO] [__main__] Epoch 25: Train AUC=0.6052 | Val AUC=0.6880
2025-12-15 13:34:57 [INFO] [__main__] --> New best model saved (AUC: 0.6880)
2025-12-15 13:34:57 [INFO] [__main__] Epoch 26/50 started...
2025-12-15 13:38:32 [INFO] [__main__] Epoch 26: Train AUC=0.6058 | Val AUC=0.6858
2025-12-15 13:38:32 [INFO] [__main__] Epoch 27/50 started...
2025-12-15 13:42:11 [INFO] [__main__] Epoch 27: Train AUC=0.6061 | Val AUC=0.6860
2025-12-15 13:42:11 [INFO] [__main__] Epoch 28/50 started...
2025-12-15 13:45:58 [INFO] [__main__] Epoch 28: Train AUC=0.6078 | Val AUC=0.6847
2025-12-15 13:45:58 [INFO] [__main__] Epoch 29/50 started...
2025-12-15 13:49:31 [INFO] [__main__] Epoch 29: Train AUC=0.6079 | Val AUC=0.6904
2025-12-15 13:49:31 [INFO] [__main__] --> New best model saved (AUC: 0.6904)
2025-12-15 13:49:31 [INFO] [__main__] Epoch 30/50 started...
2025-12-15 13:53:11 [INFO] [__main__] Epoch 30: Train AUC=0.6088 | Val AUC=0.6877
2025-12-15 13:53:11 [INFO] [__main__] Epoch 31/50 started...
2025-12-15 13:56:49 [INFO] [__main__] Epoch 31: Train AUC=0.6098 | Val AUC=0.6864
2025-12-15 13:56:49 [INFO] [__main__] Epoch 32/50 started...
2025-12-15 14:00:37 [INFO] [__main__] Epoch 32: Train AUC=0.6095 | Val AUC=0.6862
2025-12-15 14:00:37 [INFO] [__main__] Epoch 33/50 started...
2025-12-15 14:04:25 [INFO] [__main__] Epoch 33: Train AUC=0.6110 | Val AUC=0.6855
2025-12-15 14:04:25 [INFO] [__main__] Epoch 34/50 started...
2025-12-15 14:08:13 [INFO] [__main__] Epoch 34: Train AUC=0.6117 | Val AUC=0.6834
2025-12-15 14:08:13 [INFO] [__main__] Epoch 35/50 started...
2025-12-15 14:11:59 [INFO] [__main__] Epoch 35: Train AUC=0.6113 | Val AUC=0.6861
2025-12-15 14:11:59 [INFO] [__main__] Epoch 36/50 started...
2025-12-15 14:15:44 [INFO] [__main__] Epoch 36: Train AUC=0.6122 | Val AUC=0.6915
2025-12-15 14:15:44 [INFO] [__main__] --> New best model saved (AUC: 0.6915)
2025-12-15 14:15:44 [INFO] [__main__] Epoch 37/50 started...
2025-12-15 14:19:30 [INFO] [__main__] Epoch 37: Train AUC=0.6131 | Val AUC=0.6870
2025-12-15 14:19:30 [INFO] [__main__] Epoch 38/50 started...
2025-12-15 14:23:12 [INFO] [__main__] Epoch 38: Train AUC=0.6133 | Val AUC=0.6881
2025-12-15 14:23:12 [INFO] [__main__] Epoch 39/50 started...
2025-12-15 14:26:50 [INFO] [__main__] Epoch 39: Train AUC=0.6139 | Val AUC=0.6916
2025-12-15 14:26:50 [INFO] [__main__] --> New best model saved (AUC: 0.6916)
2025-12-15 14:26:50 [INFO] [__main__] Epoch 40/50 started...
2025-12-15 14:30:19 [INFO] [__main__] Epoch 40: Train AUC=0.6147 | Val AUC=0.6889
2025-12-15 14:30:19 [INFO] [__main__] Epoch 41/50 started...
2025-12-15 14:33:51 [INFO] [__main__] Epoch 41: Train AUC=0.6150 | Val AUC=0.6903
2025-12-15 14:33:51 [INFO] [__main__] Epoch 42/50 started...
2025-12-15 14:37:27 [INFO] [__main__] Epoch 42: Train AUC=0.6153 | Val AUC=0.6894
2025-12-15 14:37:27 [INFO] [__main__] Epoch 43/50 started...
2025-12-15 14:40:56 [INFO] [__main__] Epoch 43: Train AUC=0.6162 | Val AUC=0.6895
2025-12-15 14:40:56 [INFO] [__main__] Epoch 44/50 started...
2025-12-15 14:44:34 [INFO] [__main__] Epoch 44: Train AUC=0.6166 | Val AUC=0.6875
2025-12-15 14:44:34 [INFO] [__main__] Epoch 45/50 started...
2025-12-15 14:48:05 [INFO] [__main__] Epoch 45: Train AUC=0.6171 | Val AUC=0.6903
2025-12-15 14:48:05 [INFO] [__main__] Epoch 46/50 started...
2025-12-15 14:51:38 [INFO] [__main__] Epoch 46: Train AUC=0.6175 | Val AUC=0.6859
2025-12-15 14:51:38 [INFO] [__main__] Epoch 47/50 started...
2025-12-15 14:55:11 [INFO] [__main__] Epoch 47: Train AUC=0.6177 | Val AUC=0.6915
2025-12-15 14:55:11 [INFO] [__main__] Epoch 48/50 started...
2025-12-15 14:58:35 [INFO] [__main__] Epoch 48: Train AUC=0.6184 | Val AUC=0.6861
2025-12-15 14:58:35 [INFO] [__main__] Epoch 49/50 started...
2025-12-15 15:02:16 [INFO] [__main__] Epoch 49: Train AUC=0.6190 | Val AUC=0.6867
2025-12-15 15:02:16 [INFO] [__main__] Epoch 50/50 started...
2025-12-15 15:05:36 [INFO] [__main__] Epoch 50: Train AUC=0.6190 | Val AUC=0.6915
2025-12-15 15:05:36 [INFO] [__main__] Training Complete. Starting Test Evaluation...
2025-12-15 15:05:36 [INFO] [deforestation_predictor.training.dataset] Initialized test dataset from /mnt/guanabana/raid/home/kuijp069/DL_Deforestation_Prediction/data/processed_3d/GABON/test
2025-12-15 15:05:36 [INFO] [deforestation_predictor.training.dataset] Found 800 samples.
2025-12-15 15:05:36 [INFO] [deforestation_predictor.training.dataset] RQ2 Mode: Temporal slicing enabled. Keeping last 6 months.
2025-12-15 15:05:58 [INFO] [__main__] Optimal Threshold found on Val: 0.4913 (Val F0.5: 0.6700)
2025-12-15 15:06:05 [INFO] [__main__] ==============================
2025-12-15 15:06:05 [INFO] [__main__] FINAL TEST RESULTS (at threshold 0.4913)
2025-12-15 15:06:05 [INFO] [__main__] Test Loss: 0.0173
2025-12-15 15:06:05 [INFO] [__main__] Test PR-AUC: 0.6135
2025-12-15 15:06:05 [INFO] [__main__] Test Precision: 0.6878
2025-12-15 15:06:05 [INFO] [__main__] Test Recall: 0.4137
2025-12-15 15:06:05 [INFO] [__main__] Test F0.5 Score: 0.6073
2025-12-15 15:06:05 [INFO] [__main__] ==============================
