2025-12-15 12:04:00 [INFO] [deforestation_predictor.training.dataset] Initialized train dataset from /mnt/guanabana/raid/home/kuijp069/DL_Deforestation_Prediction/data/processed_3d/GABON/train
2025-12-15 12:04:00 [INFO] [deforestation_predictor.training.dataset] Found 17600 samples.
2025-12-15 12:04:00 [INFO] [deforestation_predictor.training.dataset] RQ2 Mode: Temporal slicing enabled. Keeping last 6 months.
2025-12-15 12:04:00 [INFO] [deforestation_predictor.training.dataset] Initialized val dataset from /mnt/guanabana/raid/home/kuijp069/DL_Deforestation_Prediction/data/processed_3d/GABON/val
2025-12-15 12:04:00 [INFO] [deforestation_predictor.training.dataset] Found 2400 samples.
2025-12-15 12:04:00 [INFO] [deforestation_predictor.training.dataset] RQ2 Mode: Temporal slicing enabled. Keeping last 6 months.
2025-12-15 12:04:00 [INFO] [__main__] Input Shape: C=38, T=6, H=64, W=64
2025-12-15 12:04:02 [INFO] [__main__] Epoch 1/50 started...
2025-12-15 12:08:34 [INFO] [__main__] Epoch 1: Train AUC=0.4617 | Val AUC=0.6449
2025-12-15 12:08:34 [INFO] [__main__] --> New best model saved (AUC: 0.6449)
2025-12-15 12:08:34 [INFO] [__main__] Epoch 2/50 started...
2025-12-15 12:11:56 [INFO] [__main__] Epoch 2: Train AUC=0.5399 | Val AUC=0.6311
2025-12-15 12:11:56 [INFO] [__main__] Epoch 3/50 started...
2025-12-15 12:15:16 [INFO] [__main__] Epoch 3: Train AUC=0.5564 | Val AUC=0.6488
2025-12-15 12:15:16 [INFO] [__main__] --> New best model saved (AUC: 0.6488)
2025-12-15 12:15:16 [INFO] [__main__] Epoch 4/50 started...
2025-12-15 12:18:43 [INFO] [__main__] Epoch 4: Train AUC=0.5640 | Val AUC=0.6503
2025-12-15 12:18:44 [INFO] [__main__] --> New best model saved (AUC: 0.6503)
2025-12-15 12:18:44 [INFO] [__main__] Epoch 5/50 started...
2025-12-15 12:22:06 [INFO] [__main__] Epoch 5: Train AUC=0.5736 | Val AUC=0.6588
2025-12-15 12:22:06 [INFO] [__main__] --> New best model saved (AUC: 0.6588)
2025-12-15 12:22:06 [INFO] [__main__] Epoch 6/50 started...
2025-12-15 12:25:33 [INFO] [__main__] Epoch 6: Train AUC=0.5818 | Val AUC=0.6712
2025-12-15 12:25:33 [INFO] [__main__] --> New best model saved (AUC: 0.6712)
2025-12-15 12:25:33 [INFO] [__main__] Epoch 7/50 started...
2025-12-15 12:28:58 [INFO] [__main__] Epoch 7: Train AUC=0.5880 | Val AUC=0.6665
2025-12-15 12:28:58 [INFO] [__main__] Epoch 8/50 started...
2025-12-15 12:32:20 [INFO] [__main__] Epoch 8: Train AUC=0.5927 | Val AUC=0.6506
2025-12-15 12:32:20 [INFO] [__main__] Epoch 9/50 started...
2025-12-15 12:35:51 [INFO] [__main__] Epoch 9: Train AUC=0.5986 | Val AUC=0.6625
2025-12-15 12:35:51 [INFO] [__main__] Epoch 10/50 started...
2025-12-15 12:39:23 [INFO] [__main__] Epoch 10: Train AUC=0.6055 | Val AUC=0.6619
2025-12-15 12:39:23 [INFO] [__main__] Epoch 11/50 started...
2025-12-15 12:42:52 [INFO] [__main__] Epoch 11: Train AUC=0.6107 | Val AUC=0.6555
2025-12-15 12:42:52 [INFO] [__main__] Epoch 12/50 started...
2025-12-15 12:46:20 [INFO] [__main__] Epoch 12: Train AUC=0.6162 | Val AUC=0.6596
2025-12-15 12:46:20 [INFO] [__main__] Epoch 13/50 started...
2025-12-15 12:49:51 [INFO] [__main__] Epoch 13: Train AUC=0.6215 | Val AUC=0.6368
2025-12-15 12:49:51 [INFO] [__main__] Epoch 14/50 started...
2025-12-15 12:53:22 [INFO] [__main__] Epoch 14: Train AUC=0.6260 | Val AUC=0.6549
2025-12-15 12:53:22 [INFO] [__main__] Epoch 15/50 started...
2025-12-15 12:56:53 [INFO] [__main__] Epoch 15: Train AUC=0.6313 | Val AUC=0.6744
2025-12-15 12:56:53 [INFO] [__main__] --> New best model saved (AUC: 0.6744)
2025-12-15 12:56:53 [INFO] [__main__] Epoch 16/50 started...
2025-12-15 13:00:24 [INFO] [__main__] Epoch 16: Train AUC=0.6351 | Val AUC=0.6617
2025-12-15 13:00:24 [INFO] [__main__] Epoch 17/50 started...
2025-12-15 13:04:00 [INFO] [__main__] Epoch 17: Train AUC=0.6396 | Val AUC=0.6721
2025-12-15 13:04:00 [INFO] [__main__] Epoch 18/50 started...
2025-12-15 13:07:24 [INFO] [__main__] Epoch 18: Train AUC=0.6428 | Val AUC=0.6668
2025-12-15 13:07:24 [INFO] [__main__] Epoch 19/50 started...
2025-12-15 13:10:54 [INFO] [__main__] Epoch 19: Train AUC=0.6468 | Val AUC=0.6601
2025-12-15 13:10:54 [INFO] [__main__] Epoch 20/50 started...
2025-12-15 13:14:15 [INFO] [__main__] Epoch 20: Train AUC=0.6496 | Val AUC=0.6694
2025-12-15 13:14:15 [INFO] [__main__] Epoch 21/50 started...
2025-12-15 13:17:33 [INFO] [__main__] Epoch 21: Train AUC=0.6522 | Val AUC=0.6571
2025-12-15 13:17:33 [INFO] [__main__] Epoch 22/50 started...
2025-12-15 13:20:52 [INFO] [__main__] Epoch 22: Train AUC=0.6545 | Val AUC=0.6741
2025-12-15 13:20:52 [INFO] [__main__] Epoch 23/50 started...
2025-12-15 13:24:12 [INFO] [__main__] Epoch 23: Train AUC=0.6566 | Val AUC=0.6777
2025-12-15 13:24:13 [INFO] [__main__] --> New best model saved (AUC: 0.6777)
2025-12-15 13:24:13 [INFO] [__main__] Epoch 24/50 started...
2025-12-15 13:27:32 [INFO] [__main__] Epoch 24: Train AUC=0.6587 | Val AUC=0.6739
2025-12-15 13:27:32 [INFO] [__main__] Epoch 25/50 started...
2025-12-15 13:30:53 [INFO] [__main__] Epoch 25: Train AUC=0.6612 | Val AUC=0.6668
2025-12-15 13:30:53 [INFO] [__main__] Epoch 26/50 started...
2025-12-15 13:34:11 [INFO] [__main__] Epoch 26: Train AUC=0.6635 | Val AUC=0.6539
2025-12-15 13:34:11 [INFO] [__main__] Epoch 27/50 started...
2025-12-15 13:37:41 [INFO] [__main__] Epoch 27: Train AUC=0.6657 | Val AUC=0.6587
2025-12-15 13:37:41 [INFO] [__main__] Epoch 28/50 started...
2025-12-15 13:41:06 [INFO] [__main__] Epoch 28: Train AUC=0.6678 | Val AUC=0.6711
2025-12-15 13:41:06 [INFO] [__main__] Epoch 29/50 started...
2025-12-15 13:44:42 [INFO] [__main__] Epoch 29: Train AUC=0.6693 | Val AUC=0.6675
2025-12-15 13:44:42 [INFO] [__main__] Epoch 30/50 started...
2025-12-15 13:48:10 [INFO] [__main__] Epoch 30: Train AUC=0.6715 | Val AUC=0.6668
2025-12-15 13:48:10 [INFO] [__main__] Epoch 31/50 started...
2025-12-15 13:51:37 [INFO] [__main__] Epoch 31: Train AUC=0.6735 | Val AUC=0.6734
2025-12-15 13:51:37 [INFO] [__main__] Epoch 32/50 started...
2025-12-15 13:55:05 [INFO] [__main__] Epoch 32: Train AUC=0.6749 | Val AUC=0.6706
2025-12-15 13:55:05 [INFO] [__main__] Epoch 33/50 started...
2025-12-15 13:58:35 [INFO] [__main__] Epoch 33: Train AUC=0.6766 | Val AUC=0.6506
2025-12-15 13:58:35 [INFO] [__main__] Epoch 34/50 started...
2025-12-15 14:02:04 [INFO] [__main__] Epoch 34: Train AUC=0.6782 | Val AUC=0.6638
2025-12-15 14:02:04 [INFO] [__main__] Epoch 35/50 started...
2025-12-15 14:05:19 [INFO] [__main__] Epoch 35: Train AUC=0.6795 | Val AUC=0.6628
2025-12-15 14:05:19 [INFO] [__main__] Epoch 36/50 started...
2025-12-15 14:08:32 [INFO] [__main__] Epoch 36: Train AUC=0.6812 | Val AUC=0.6658
2025-12-15 14:08:32 [INFO] [__main__] Epoch 37/50 started...
2025-12-15 14:11:39 [INFO] [__main__] Epoch 37: Train AUC=0.6813 | Val AUC=0.6641
2025-12-15 14:11:39 [INFO] [__main__] Epoch 38/50 started...
2025-12-15 14:14:53 [INFO] [__main__] Epoch 38: Train AUC=0.6841 | Val AUC=0.6613
2025-12-15 14:14:53 [INFO] [__main__] Epoch 39/50 started...
2025-12-15 14:17:50 [INFO] [__main__] Epoch 39: Train AUC=0.6853 | Val AUC=0.6606
2025-12-15 14:17:50 [INFO] [__main__] Epoch 40/50 started...
2025-12-15 14:20:53 [INFO] [__main__] Epoch 40: Train AUC=0.6867 | Val AUC=0.6537
2025-12-15 14:20:53 [INFO] [__main__] Epoch 41/50 started...
2025-12-15 14:23:46 [INFO] [__main__] Epoch 41: Train AUC=0.6882 | Val AUC=0.6641
2025-12-15 14:23:46 [INFO] [__main__] Epoch 42/50 started...
2025-12-15 14:26:53 [INFO] [__main__] Epoch 42: Train AUC=0.6893 | Val AUC=0.6552
2025-12-15 14:26:53 [INFO] [__main__] Epoch 43/50 started...
2025-12-15 14:29:58 [INFO] [__main__] Epoch 43: Train AUC=0.6897 | Val AUC=0.6594
2025-12-15 14:29:58 [INFO] [__main__] Epoch 44/50 started...
2025-12-15 14:33:19 [INFO] [__main__] Epoch 44: Train AUC=0.6918 | Val AUC=0.6582
2025-12-15 14:33:19 [INFO] [__main__] Epoch 45/50 started...
2025-12-15 14:36:39 [INFO] [__main__] Epoch 45: Train AUC=0.6928 | Val AUC=0.6558
2025-12-15 14:36:39 [INFO] [__main__] Epoch 46/50 started...
2025-12-15 14:39:56 [INFO] [__main__] Epoch 46: Train AUC=0.6934 | Val AUC=0.6574
2025-12-15 14:39:56 [INFO] [__main__] Epoch 47/50 started...
2025-12-15 14:43:11 [INFO] [__main__] Epoch 47: Train AUC=0.6951 | Val AUC=0.6407
2025-12-15 14:43:11 [INFO] [__main__] Epoch 48/50 started...
2025-12-15 14:46:30 [INFO] [__main__] Epoch 48: Train AUC=0.6957 | Val AUC=0.6503
2025-12-15 14:46:30 [INFO] [__main__] Epoch 49/50 started...
2025-12-15 14:49:47 [INFO] [__main__] Epoch 49: Train AUC=0.6966 | Val AUC=0.6518
2025-12-15 14:49:47 [INFO] [__main__] Epoch 50/50 started...
2025-12-15 14:52:57 [INFO] [__main__] Epoch 50: Train AUC=0.6975 | Val AUC=0.6489
2025-12-15 14:52:57 [INFO] [__main__] Training Complete. Starting Test Evaluation...
2025-12-15 14:52:57 [INFO] [deforestation_predictor.training.dataset] Initialized test dataset from /mnt/guanabana/raid/home/kuijp069/DL_Deforestation_Prediction/data/processed_3d/GABON/test
2025-12-15 14:52:57 [INFO] [deforestation_predictor.training.dataset] Found 800 samples.
2025-12-15 14:52:57 [INFO] [deforestation_predictor.training.dataset] RQ2 Mode: Temporal slicing enabled. Keeping last 6 months.
2025-12-15 14:53:19 [INFO] [__main__] Optimal Threshold found on Val: 0.4887 (Val F0.5: 0.6630)
2025-12-15 14:53:27 [INFO] [__main__] ==============================
2025-12-15 14:53:27 [INFO] [__main__] FINAL TEST RESULTS (at threshold 0.4887)
2025-12-15 14:53:27 [INFO] [__main__] Test Loss: 0.0175
2025-12-15 14:53:27 [INFO] [__main__] Test PR-AUC: 0.6043
2025-12-15 14:53:27 [INFO] [__main__] Test Precision: 0.6427
2025-12-15 14:53:27 [INFO] [__main__] Test Recall: 0.4745
2025-12-15 14:53:27 [INFO] [__main__] Test F0.5 Score: 0.6001
2025-12-15 14:53:27 [INFO] [__main__] ==============================
