2025-12-15 12:04:20 [INFO] [deforestation_predictor.training.dataset] Initialized train dataset from /mnt/guanabana/raid/home/kuijp069/DL_Deforestation_Prediction/data/processed_3d/GABON/train
2025-12-15 12:04:20 [INFO] [deforestation_predictor.training.dataset] Found 17600 samples.
2025-12-15 12:04:20 [INFO] [deforestation_predictor.training.dataset] RQ2 Mode: Temporal slicing enabled. Keeping last 6 months.
2025-12-15 12:04:20 [INFO] [deforestation_predictor.training.dataset] Initialized val dataset from /mnt/guanabana/raid/home/kuijp069/DL_Deforestation_Prediction/data/processed_3d/GABON/val
2025-12-15 12:04:20 [INFO] [deforestation_predictor.training.dataset] Found 2400 samples.
2025-12-15 12:04:20 [INFO] [deforestation_predictor.training.dataset] RQ2 Mode: Temporal slicing enabled. Keeping last 6 months.
2025-12-15 12:04:20 [INFO] [__main__] Input Shape: C=38, T=6, H=64, W=64
2025-12-15 12:04:25 [INFO] [__main__] Epoch 1/50 started...
2025-12-15 12:07:56 [INFO] [__main__] Epoch 1: Train AUC=0.2843 | Val AUC=0.5527
2025-12-15 12:07:56 [INFO] [__main__] --> New best model saved (AUC: 0.5527)
2025-12-15 12:07:56 [INFO] [__main__] Epoch 2/50 started...
2025-12-15 12:10:22 [INFO] [__main__] Epoch 2: Train AUC=0.4079 | Val AUC=0.5715
2025-12-15 12:10:22 [INFO] [__main__] --> New best model saved (AUC: 0.5715)
2025-12-15 12:10:22 [INFO] [__main__] Epoch 3/50 started...
2025-12-15 12:12:46 [INFO] [__main__] Epoch 3: Train AUC=0.4419 | Val AUC=0.5909
2025-12-15 12:12:47 [INFO] [__main__] --> New best model saved (AUC: 0.5909)
2025-12-15 12:12:47 [INFO] [__main__] Epoch 4/50 started...
2025-12-15 12:15:11 [INFO] [__main__] Epoch 4: Train AUC=0.4619 | Val AUC=0.5900
2025-12-15 12:15:11 [INFO] [__main__] Epoch 5/50 started...
2025-12-15 12:17:34 [INFO] [__main__] Epoch 5: Train AUC=0.4775 | Val AUC=0.5967
2025-12-15 12:17:34 [INFO] [__main__] --> New best model saved (AUC: 0.5967)
2025-12-15 12:17:34 [INFO] [__main__] Epoch 6/50 started...
2025-12-15 12:19:57 [INFO] [__main__] Epoch 6: Train AUC=0.4895 | Val AUC=0.6086
2025-12-15 12:19:57 [INFO] [__main__] --> New best model saved (AUC: 0.6086)
2025-12-15 12:19:57 [INFO] [__main__] Epoch 7/50 started...
2025-12-15 12:22:20 [INFO] [__main__] Epoch 7: Train AUC=0.4989 | Val AUC=0.6123
2025-12-15 12:22:20 [INFO] [__main__] --> New best model saved (AUC: 0.6123)
2025-12-15 12:22:20 [INFO] [__main__] Epoch 8/50 started...
2025-12-15 12:24:44 [INFO] [__main__] Epoch 8: Train AUC=0.5072 | Val AUC=0.6188
2025-12-15 12:24:45 [INFO] [__main__] --> New best model saved (AUC: 0.6188)
2025-12-15 12:24:45 [INFO] [__main__] Epoch 9/50 started...
2025-12-15 12:27:09 [INFO] [__main__] Epoch 9: Train AUC=0.5144 | Val AUC=0.6237
2025-12-15 12:27:09 [INFO] [__main__] --> New best model saved (AUC: 0.6237)
2025-12-15 12:27:09 [INFO] [__main__] Epoch 10/50 started...
2025-12-15 12:29:34 [INFO] [__main__] Epoch 10: Train AUC=0.5215 | Val AUC=0.6276
2025-12-15 12:29:34 [INFO] [__main__] --> New best model saved (AUC: 0.6276)
2025-12-15 12:29:34 [INFO] [__main__] Epoch 11/50 started...
2025-12-15 12:31:57 [INFO] [__main__] Epoch 11: Train AUC=0.5278 | Val AUC=0.6280
2025-12-15 12:31:57 [INFO] [__main__] --> New best model saved (AUC: 0.6280)
2025-12-15 12:31:57 [INFO] [__main__] Epoch 12/50 started...
2025-12-15 12:34:21 [INFO] [__main__] Epoch 12: Train AUC=0.5339 | Val AUC=0.6255
2025-12-15 12:34:21 [INFO] [__main__] Epoch 13/50 started...
2025-12-15 12:36:45 [INFO] [__main__] Epoch 13: Train AUC=0.5395 | Val AUC=0.6303
2025-12-15 12:36:45 [INFO] [__main__] --> New best model saved (AUC: 0.6303)
2025-12-15 12:36:45 [INFO] [__main__] Epoch 14/50 started...
2025-12-15 12:39:08 [INFO] [__main__] Epoch 14: Train AUC=0.5457 | Val AUC=0.6343
2025-12-15 12:39:09 [INFO] [__main__] --> New best model saved (AUC: 0.6343)
2025-12-15 12:39:09 [INFO] [__main__] Epoch 15/50 started...
2025-12-15 12:41:32 [INFO] [__main__] Epoch 15: Train AUC=0.5513 | Val AUC=0.6430
2025-12-15 12:41:32 [INFO] [__main__] --> New best model saved (AUC: 0.6430)
2025-12-15 12:41:32 [INFO] [__main__] Epoch 16/50 started...
2025-12-15 12:43:56 [INFO] [__main__] Epoch 16: Train AUC=0.5568 | Val AUC=0.6417
2025-12-15 12:43:56 [INFO] [__main__] Epoch 17/50 started...
2025-12-15 12:46:19 [INFO] [__main__] Epoch 17: Train AUC=0.5626 | Val AUC=0.6465
2025-12-15 12:46:20 [INFO] [__main__] --> New best model saved (AUC: 0.6465)
2025-12-15 12:46:20 [INFO] [__main__] Epoch 18/50 started...
2025-12-15 12:48:43 [INFO] [__main__] Epoch 18: Train AUC=0.5673 | Val AUC=0.6525
2025-12-15 12:48:43 [INFO] [__main__] --> New best model saved (AUC: 0.6525)
2025-12-15 12:48:43 [INFO] [__main__] Epoch 19/50 started...
2025-12-15 12:51:06 [INFO] [__main__] Epoch 19: Train AUC=0.5719 | Val AUC=0.6500
2025-12-15 12:51:06 [INFO] [__main__] Epoch 20/50 started...
2025-12-15 12:53:29 [INFO] [__main__] Epoch 20: Train AUC=0.5763 | Val AUC=0.6521
2025-12-15 12:53:29 [INFO] [__main__] Epoch 21/50 started...
2025-12-15 12:55:51 [INFO] [__main__] Epoch 21: Train AUC=0.5812 | Val AUC=0.6542
2025-12-15 12:55:51 [INFO] [__main__] --> New best model saved (AUC: 0.6542)
2025-12-15 12:55:51 [INFO] [__main__] Epoch 22/50 started...
2025-12-15 12:58:13 [INFO] [__main__] Epoch 22: Train AUC=0.5847 | Val AUC=0.6531
2025-12-15 12:58:13 [INFO] [__main__] Epoch 23/50 started...
2025-12-15 13:00:36 [INFO] [__main__] Epoch 23: Train AUC=0.5888 | Val AUC=0.6525
2025-12-15 13:00:36 [INFO] [__main__] Epoch 24/50 started...
2025-12-15 13:02:59 [INFO] [__main__] Epoch 24: Train AUC=0.5924 | Val AUC=0.6484
2025-12-15 13:02:59 [INFO] [__main__] Epoch 25/50 started...
2025-12-15 13:05:22 [INFO] [__main__] Epoch 25: Train AUC=0.5957 | Val AUC=0.6600
2025-12-15 13:05:22 [INFO] [__main__] --> New best model saved (AUC: 0.6600)
2025-12-15 13:05:22 [INFO] [__main__] Epoch 26/50 started...
2025-12-15 13:07:48 [INFO] [__main__] Epoch 26: Train AUC=0.5993 | Val AUC=0.6607
2025-12-15 13:07:48 [INFO] [__main__] --> New best model saved (AUC: 0.6607)
2025-12-15 13:07:48 [INFO] [__main__] Epoch 27/50 started...
2025-12-15 13:10:12 [INFO] [__main__] Epoch 27: Train AUC=0.6029 | Val AUC=0.6590
2025-12-15 13:10:12 [INFO] [__main__] Epoch 28/50 started...
2025-12-15 13:12:35 [INFO] [__main__] Epoch 28: Train AUC=0.6062 | Val AUC=0.6613
2025-12-15 13:12:36 [INFO] [__main__] --> New best model saved (AUC: 0.6613)
2025-12-15 13:12:36 [INFO] [__main__] Epoch 29/50 started...
2025-12-15 13:15:00 [INFO] [__main__] Epoch 29: Train AUC=0.6090 | Val AUC=0.6561
2025-12-15 13:15:00 [INFO] [__main__] Epoch 30/50 started...
2025-12-15 13:17:23 [INFO] [__main__] Epoch 30: Train AUC=0.6122 | Val AUC=0.6588
2025-12-15 13:17:23 [INFO] [__main__] Epoch 31/50 started...
2025-12-15 13:19:47 [INFO] [__main__] Epoch 31: Train AUC=0.6152 | Val AUC=0.6582
2025-12-15 13:19:47 [INFO] [__main__] Epoch 32/50 started...
2025-12-15 13:22:11 [INFO] [__main__] Epoch 32: Train AUC=0.6184 | Val AUC=0.6583
2025-12-15 13:22:11 [INFO] [__main__] Epoch 33/50 started...
2025-12-15 13:24:35 [INFO] [__main__] Epoch 33: Train AUC=0.6211 | Val AUC=0.6614
2025-12-15 13:24:35 [INFO] [__main__] --> New best model saved (AUC: 0.6614)
2025-12-15 13:24:35 [INFO] [__main__] Epoch 34/50 started...
2025-12-15 13:26:59 [INFO] [__main__] Epoch 34: Train AUC=0.6238 | Val AUC=0.6542
2025-12-15 13:26:59 [INFO] [__main__] Epoch 35/50 started...
2025-12-15 13:29:23 [INFO] [__main__] Epoch 35: Train AUC=0.6273 | Val AUC=0.6629
2025-12-15 13:29:23 [INFO] [__main__] --> New best model saved (AUC: 0.6629)
2025-12-15 13:29:23 [INFO] [__main__] Epoch 36/50 started...
2025-12-15 13:31:46 [INFO] [__main__] Epoch 36: Train AUC=0.6299 | Val AUC=0.6609
2025-12-15 13:31:46 [INFO] [__main__] Epoch 37/50 started...
2025-12-15 13:34:09 [INFO] [__main__] Epoch 37: Train AUC=0.6325 | Val AUC=0.6592
2025-12-15 13:34:09 [INFO] [__main__] Epoch 38/50 started...
2025-12-15 13:36:32 [INFO] [__main__] Epoch 38: Train AUC=0.6346 | Val AUC=0.6597
2025-12-15 13:36:32 [INFO] [__main__] Epoch 39/50 started...
2025-12-15 13:38:55 [INFO] [__main__] Epoch 39: Train AUC=0.6378 | Val AUC=0.6584
2025-12-15 13:38:55 [INFO] [__main__] Epoch 40/50 started...
2025-12-15 13:41:20 [INFO] [__main__] Epoch 40: Train AUC=0.6402 | Val AUC=0.6529
2025-12-15 13:41:20 [INFO] [__main__] Epoch 41/50 started...
2025-12-15 13:43:44 [INFO] [__main__] Epoch 41: Train AUC=0.6427 | Val AUC=0.6599
2025-12-15 13:43:44 [INFO] [__main__] Epoch 42/50 started...
2025-12-15 13:46:08 [INFO] [__main__] Epoch 42: Train AUC=0.6453 | Val AUC=0.6581
2025-12-15 13:46:08 [INFO] [__main__] Epoch 43/50 started...
2025-12-15 13:48:32 [INFO] [__main__] Epoch 43: Train AUC=0.6476 | Val AUC=0.6586
2025-12-15 13:48:32 [INFO] [__main__] Epoch 44/50 started...
2025-12-15 13:50:56 [INFO] [__main__] Epoch 44: Train AUC=0.6498 | Val AUC=0.6579
2025-12-15 13:50:56 [INFO] [__main__] Epoch 45/50 started...
2025-12-15 13:53:19 [INFO] [__main__] Epoch 45: Train AUC=0.6523 | Val AUC=0.6581
2025-12-15 13:53:19 [INFO] [__main__] Epoch 46/50 started...
2025-12-15 13:55:42 [INFO] [__main__] Epoch 46: Train AUC=0.6537 | Val AUC=0.6529
2025-12-15 13:55:42 [INFO] [__main__] Epoch 47/50 started...
2025-12-15 13:58:05 [INFO] [__main__] Epoch 47: Train AUC=0.6565 | Val AUC=0.6556
2025-12-15 13:58:05 [INFO] [__main__] Epoch 48/50 started...
2025-12-15 14:00:29 [INFO] [__main__] Epoch 48: Train AUC=0.6584 | Val AUC=0.6544
2025-12-15 14:00:29 [INFO] [__main__] Epoch 49/50 started...
2025-12-15 14:02:52 [INFO] [__main__] Epoch 49: Train AUC=0.6606 | Val AUC=0.6526
2025-12-15 14:02:52 [INFO] [__main__] Epoch 50/50 started...
2025-12-15 14:05:16 [INFO] [__main__] Epoch 50: Train AUC=0.6626 | Val AUC=0.6563
2025-12-15 14:05:16 [INFO] [__main__] Training Complete. Starting Test Evaluation...
2025-12-15 14:05:16 [INFO] [deforestation_predictor.training.dataset] Initialized test dataset from /mnt/guanabana/raid/home/kuijp069/DL_Deforestation_Prediction/data/processed_3d/GABON/test
2025-12-15 14:05:16 [INFO] [deforestation_predictor.training.dataset] Found 800 samples.
2025-12-15 14:05:16 [INFO] [deforestation_predictor.training.dataset] RQ2 Mode: Temporal slicing enabled. Keeping last 6 months.
2025-12-15 14:05:35 [INFO] [__main__] Optimal Threshold found on Val: 0.4813 (Val F0.5: 0.6466)
2025-12-15 14:05:43 [INFO] [__main__] ==============================
2025-12-15 14:05:43 [INFO] [__main__] FINAL TEST RESULTS (at threshold 0.4813)
2025-12-15 14:05:43 [INFO] [__main__] Test Loss: 0.0178
2025-12-15 14:05:43 [INFO] [__main__] Test PR-AUC: 0.5847
2025-12-15 14:05:43 [INFO] [__main__] Test Precision: 0.6071
2025-12-15 14:05:43 [INFO] [__main__] Test Recall: 0.4842
2025-12-15 14:05:43 [INFO] [__main__] Test F0.5 Score: 0.5778
2025-12-15 14:05:43 [INFO] [__main__] ==============================
