wandb: Currently logged in as: tieskuijpers01 (tieskuijpers01-wageningen-university) to https://api.wandb.ai. Use `wandb login --relogin` to force relogin
wandb: setting up run rwizgs25
wandb: Tracking run with wandb version 0.23.1
wandb: Run data is saved locally in /mnt/guanabana/raid/home/kuijp069/DL_Deforestation_Prediction/wandb/run-20251212_141408-rwizgs25
wandb: Run `wandb offline` to turn off syncing.
wandb: Syncing run xgboost_production_run
wandb: ⭐️ View project at https://wandb.ai/tieskuijpers01-wageningen-university/deforestation-prediction
wandb: 🚀 View run at https://wandb.ai/tieskuijpers01-wageningen-university/deforestation-prediction/runs/rwizgs25
/mnt/guanabana/raid/home/kuijp069/.local/lib/python3.12/site-packages/xgboost/core.py:774: UserWarning: [14:21:00] WARNING: /workspace/src/common/error_msg.cc:62: Falling back to prediction using DMatrix due to mismatched devices. This might lead to higher memory usage and slower performance. XGBoost is running on: cuda:0, while the input data is on: cpu.
Potential solutions:
- Use a data structure that matches the device ordinal in the booster.
- Set the device for booster before call to inplace_predict.

This warning will only be shown once.

  return func(**kwargs)
wandb: updating run metadata; uploading artifact run-rwizgs25-test_pr_curve_table; uploading media/table/test_pr_curve_table_199_ca5ba5bc1e028fcfda9c.table.json
wandb: uploading artifact run-rwizgs25-test_pr_curve_table; uploading output.log; uploading wandb-summary.json; uploading config.yaml
wandb: uploading artifact run-rwizgs25-test_pr_curve_table
wandb: uploading history steps 199-199, summary, console lines 8-18
wandb: 
wandb: Run history:
wandb:  best_threshold ▁
wandb:        test_f05 ▁
wandb: test_focal_loss ▁
wandb:  test_precision ▁
wandb:     test_recall ▁
wandb:     train_aucpr ▁▂▂▃▃▄▄▅▅▅▅▅▆▆▆▆▆▆▆▆▇▇▇▇▇▇▇▇▇▇▇▇▇▇▇█████
wandb:   train_logloss █▄▃▂▂▂▂▂▂▂▂▂▂▂▂▁▁▁▁▁▁▁▁▁▁▁▁▁▁▁▁▁▁▁▁▁▁▁▁▁
wandb:       val_aucpr ▁▂▃▄▅▅▆▆▆▆▆▆▆▇▇▇▇▇▇▇▇▇██████████████████
wandb:     val_logloss █▃▂▂▂▁▁▁▁▁▂▂▂▂▂▂▂▂▂▂▁▁▁▁▁▁▁▁▁▁▁▁▁▁▁▁▁▁▁▁
wandb: 
wandb: Run summary:
wandb:  best_threshold 0.86927
wandb:        test_f05 0.60784
wandb: test_focal_loss 0.11835
wandb:  test_precision 0.6609
wandb:     test_recall 0.46008
wandb:     train_aucpr 0.91763
wandb:   train_logloss 0.38253
wandb:       val_aucpr 0.6717
wandb:     val_logloss 0.44341
wandb: 
wandb: 🚀 View run xgboost_production_run at: https://wandb.ai/tieskuijpers01-wageningen-university/deforestation-prediction/runs/rwizgs25
wandb: ⭐️ View project at: https://wandb.ai/tieskuijpers01-wageningen-university/deforestation-prediction
wandb: Synced 5 W&B file(s), 1 media file(s), 2 artifact file(s) and 0 other file(s)
wandb: Find logs at: ./wandb/run-20251212_141408-rwizgs25/logs
